// Jest Snapshot v1, https://goo.gl/fbAQLP

exports[`AmazonScraper getItems should return item for each row in report 1`] = `
Array [
  Object {
    "asinIsbn": "B06Y5XG33Q",
    "buyerName": "Test Man",
    "carrierNameTrackingNumber": "USPS(9300120111405739275629)",
    "category": "HEALTH_PERSONAL_CARE",
    "condition": "new",
    "currency": "USD",
    "itemSubtotal": 21.75,
    "itemSubtotalTax": 0,
    "itemTotal": 21.75,
    "listPricePerUnit": 0,
    "orderDate": 2020-01-03T08:00:00.000Z,
    "orderId": "123-7654321-1234567",
    "orderStatus": "Shipped",
    "orderingCustomerEmail": "email@example.com",
    "paymentInstrumentType": "Visa - 1234",
    "purchasePricePerUnit": 21.75,
    "quantity": 1,
    "seller": "This Is A Seller",
    "shipmentDate": 2020-01-06T08:00:00.000Z,
    "shippingAddressCity": "Washington",
    "shippingAddressName": "Test Man",
    "shippingAddressState": "DC",
    "shippingAddressStreet1": "1600 Pennsylvania Avenue NW",
    "shippingAddressZip": "20500",
    "title": "Some Product",
    "unspscCode": "38462846",
    "website": "Amazon.com",
  },
  Object {
    "asinIsbn": "B07X9FXSPL",
    "buyerName": "Test Man",
    "carrierNameTrackingNumber": "AMZN_US(TBA014759273649)",
    "category": "LIGHT_BULB",
    "condition": "new",
    "currency": "USD",
    "itemSubtotal": 59.94,
    "itemSubtotalTax": 0,
    "itemTotal": 59.94,
    "listPricePerUnit": 24.99,
    "orderDate": 2020-04-20T07:00:00.000Z,
    "orderId": "321-9876543-3456789",
    "orderStatus": "Shipped",
    "orderingCustomerEmail": "email@example.com",
    "paymentInstrumentType": "Visa - 4321",
    "purchasePricePerUnit": 19.98,
    "quantity": 3,
    "seller": "Amazon.com",
    "shipmentDate": 2020-04-21T07:00:00.000Z,
    "shippingAddressCity": "Washington",
    "shippingAddressName": "Test Man",
    "shippingAddressState": "DC",
    "shippingAddressStreet1": "1600 Pennsylvania Avenue NW",
    "shippingAddressZip": "20500",
    "title": "Another Product",
    "unspscCode": "65927561",
    "website": "Amazon.com",
  },
  Object {
    "asinIsbn": "B0159OP2FF",
    "buyerName": "Test Man",
    "carrierNameTrackingNumber": "AMZN_US(TBA023749506528)",
    "category": "STANDALONE_STREAMING_MEDIA_PLAYER",
    "condition": "new",
    "currency": "USD",
    "itemSubtotal": 69.69,
    "itemSubtotalTax": 0,
    "itemTotal": 69.69,
    "listPricePerUnit": 69.69,
    "orderDate": 2020-06-09T07:00:00.000Z,
    "orderId": "987-3456789-7654321",
    "orderStatus": "Shipped",
    "orderingCustomerEmail": "email@example.com",
    "paymentInstrumentType": "Gift Certificate/Card and Visa - 5656",
    "purchasePricePerUnit": 69.69,
    "quantity": 1,
    "seller": "Amazon.com",
    "shipmentDate": 2020-06-10T07:00:00.000Z,
    "shippingAddressCity": "Washington",
    "shippingAddressName": "Test Man",
    "shippingAddressState": "DC",
    "shippingAddressStreet1": "1600 Pennsylvania Avenue NW",
    "shippingAddressZip": "20500",
    "title": "Yet Another Product",
    "unspscCode": "37462840",
    "website": "Amazon.com",
  },
]
`;

exports[`AmazonScraper getRefunds should return refund for each row in report 1`] = `
Array [
  Object {
    "asinIsbn": "B07USNDYEK",
    "buyerName": "Test Man",
    "category": "COAT",
    "orderDate": 2020-01-14T08:00:00.000Z,
    "orderId": "113-5757575-3939393",
    "quantity": 1,
    "refundAmount": 75.98,
    "refundCondition": "Completed",
    "refundDate": 2020-01-25T08:00:00.000Z,
    "refundReason": "Customer Return",
    "refundTaxAmount": 0,
    "seller": "A Seller",
    "title": "Some kind of coat",
    "website": "Amazon.com",
  },
  Object {
    "asinIsbn": "B071UDN9IU",
    "buyerName": "Test Man",
    "category": "SHIRT",
    "orderDate": 2020-02-18T08:00:00.000Z,
    "orderId": "111-1234567-7654321",
    "quantity": 1,
    "refundAmount": 18.99,
    "refundCondition": "Completed",
    "refundDate": 2020-02-26T08:00:00.000Z,
    "refundReason": "Customer Return",
    "refundTaxAmount": 0,
    "seller": "Amazon.com",
    "title": "T-shirt",
    "website": "Amazon.com",
  },
  Object {
    "asinIsbn": "B0793JNURH",
    "buyerName": "Test Man",
    "category": "SHOES",
    "orderDate": 2020-02-28T08:00:00.000Z,
    "orderId": "113-9887789-1234543",
    "quantity": 1,
    "refundAmount": 159.96,
    "refundCondition": "Completed",
    "refundDate": 2020-03-04T08:00:00.000Z,
    "refundReason": "Customer Return",
    "refundTaxAmount": 0,
    "seller": "Amazon.com",
    "title": "A pair of shoes",
    "website": "Amazon.com",
  },
]
`;
