// Jest Snapshot v1, https://goo.gl/fbAQLP

exports[`AmazonScraper getItems should return item for each row in report 1`] = `
Array [
  Object {
    "asinIsbn": "B06Y5XG33Q",
    "buyerName": "Test Man",
    "carrierNameTrackingNumber": "USPS(9300120111405739275629)",
    "category": "HEALTH_PERSONAL_CARE",
    "condition": "new",
    "currency": "USD",
    "itemSubtotal": 21.75,
    "itemSubtotalTax": 0,
    "itemTotal": 21.75,
    "listPricePerUnit": 0,
    "orderDate": "2020-01-03T00:00:00.000-08:00",
    "orderId": "123-7654321-1234567",
    "orderStatus": "Shipped",
    "orderingCustomerEmail": "email@example.com",
    "paymentInstrumentType": "Visa - 1234",
    "purchasePricePerUnit": 21.75,
    "quantity": 1,
    "seller": "This Is A Seller",
    "shipmentDate": "2020-01-06T00:00:00.000-08:00",
    "shippingAddressCity": "Washington",
    "shippingAddressName": "Test Man",
    "shippingAddressState": "DC",
    "shippingAddressStreet1": "1600 Pennsylvania Avenue NW",
    "shippingAddressZip": "20500",
    "title": "Some Product",
    "unspscCode": "38462846",
    "website": "Amazon.com",
  },
  Object {
    "asinIsbn": "B07X9FXSPL",
    "buyerName": "Test Man",
    "carrierNameTrackingNumber": "AMZN_US(TBA014759273649)",
    "category": "LIGHT_BULB",
    "condition": "new",
    "currency": "USD",
    "itemSubtotal": 59.94,
    "itemSubtotalTax": 0,
    "itemTotal": 59.94,
    "listPricePerUnit": 24.99,
    "orderDate": "2020-04-20T00:00:00.000-07:00",
    "orderId": "321-9876543-3456789",
    "orderStatus": "Shipped",
    "orderingCustomerEmail": "email@example.com",
    "paymentInstrumentType": "Visa - 4321",
    "purchasePricePerUnit": 19.98,
    "quantity": 3,
    "seller": "Amazon.com",
    "shipmentDate": "2020-04-21T00:00:00.000-07:00",
    "shippingAddressCity": "Washington",
    "shippingAddressName": "Test Man",
    "shippingAddressState": "DC",
    "shippingAddressStreet1": "1600 Pennsylvania Avenue NW",
    "shippingAddressZip": "20500",
    "title": "Another Product",
    "unspscCode": "65927561",
    "website": "Amazon.com",
  },
  Object {
    "asinIsbn": "B0159OP2FF",
    "buyerName": "Test Man",
    "carrierNameTrackingNumber": "AMZN_US(TBA023749506528)",
    "category": "STANDALONE_STREAMING_MEDIA_PLAYER",
    "condition": "new",
    "currency": "USD",
    "itemSubtotal": 69.69,
    "itemSubtotalTax": 0,
    "itemTotal": 69.69,
    "listPricePerUnit": 69.69,
    "orderDate": "2020-06-09T00:00:00.000-07:00",
    "orderId": "987-3456789-7654321",
    "orderStatus": "Shipped",
    "orderingCustomerEmail": "email@example.com",
    "paymentInstrumentType": "Gift Certificate/Card and Visa - 5656",
    "purchasePricePerUnit": 69.69,
    "quantity": 1,
    "seller": "Amazon.com",
    "shipmentDate": "2020-06-10T00:00:00.000-07:00",
    "shippingAddressCity": "Washington",
    "shippingAddressName": "Test Man",
    "shippingAddressState": "DC",
    "shippingAddressStreet1": "1600 Pennsylvania Avenue NW",
    "shippingAddressZip": "20500",
    "title": "Yet Another Product",
    "unspscCode": "37462840",
    "website": "Amazon.com",
  },
]
`;
